// Jest Snapshot v1, https://goo.gl/fbAQLP

exports[`TopologyView should display an empty topology correctly 1`] = `
<DocumentFragment>
  <div
    class="pf-v6-l-stack my-test-class"
    id="simple-test-id"
  >
    <div
      class="pf-v6-l-stack__item pf-m-fill pf-topology-container"
    >
      <div
        class="pf-topology-content"
      />
    </div>
  </div>
</DocumentFragment>
`;

exports[`TopologyView should display topology correctly 1`] = `
<DocumentFragment>
  <div
    class="pf-v6-l-stack my-test-class"
    id="simple-test-id"
  >
    <div
      class="pf-v6-l-stack__item"
    >
      <div
        class="pf-v6-c-toolbar"
        data-ouia-component-id="OUIA-Generated-Toolbar-1"
        data-ouia-component-type="PF6/Toolbar"
        data-ouia-safe="true"
        id="pf-topology-view-0"
      >
        <div
          class="pf-v6-c-toolbar__content"
        >
          <div
            class="pf-v6-c-toolbar__content-section"
          >
            <div
              class="pf-v6-c-toolbar__group pf-topology-view__project-toolbar"
            >
              <div
                id="test-context-bar"
              />
            </div>
          </div>
        </div>
        <div
          class="pf-v6-c-toolbar__content"
        >
          <div
            class="pf-v6-c-toolbar__content-section"
          >
            <div
              class="pf-v6-c-toolbar__group pf-topology-view__view-toolbar"
            >
              <div
                id="test-view-bar"
              />
            </div>
          </div>
        </div>
        <hr
          class="pf-v6-c-divider"
        />
        <div
          class="pf-v6-c-toolbar__content pf-m-hidden"
          hidden=""
        >
          <div
            class="pf-v6-c-toolbar__group"
          />
        </div>
      </div>
    </div>
    <div
      class="pf-v6-l-stack__item pf-m-fill pf-topology-container"
    >
      <div
        class="pf-topology-content"
      >
        <div
          id="test-canvas"
        />
        <span
          class="pf-topology-control-bar"
        >
          <div
            id="test-control-bar"
          />
        </span>
      </div>
    </div>
  </div>
</DocumentFragment>
`;
